Installing...
Running as single site... To run multisite, use -c tests/phpunit/multisite.xml
Not running ajax tests. To execute these, use --group ajax.
Not running ms-files tests. To execute these, use --group ms-files.
Not running external-http tests. To execute these, use --group external-http.
PHPUnit 9.6.36 by Sebastian Bergmann and contributors.

WordPress database error Unknown column 't.clinic_id' in 'on clause' for query DELETE t FROM wptests_cpms_handwriting_page_versions t
                          JOIN wptests_cpms_clinics c ON c.id = t.clinic_id
                          WHERE c.organization_id = 2 made by include('/home/runner/work/doctor/doctor/clinic-practice-management/vendor/phpunit/phpunit/phpunit'), PHPUnit\TextUI\Command::main, PHPUnit\TextUI\Command->run, PHPUnit\TextUI\TestRunner->run, PHPUnit\Framework\TestSuite->run, PHPUnit\Framework\TestCase->run, PHPUnit\Framework\TestResult->run, PHPUnit\Framework\TestCase->runBare, ClinicCore\Tests\Integration\Phase3Slice6AuthorizationRedTest->tearDown, ClinicCore\Tests\Integration\Phase3Slice6AuthorizationRedTest->purgeRows
WordPress database error Unknown column 't.clinic_id' in 'on clause' for query DELETE t FROM wptests_cpms_handwriting_pages t
                          JOIN wptests_cpms_clinics c ON c.id = t.clinic_id
                          WHERE c.organization_id = 2 made by include('/home/runner/work/doctor/doctor/clinic-practice-management/vendor/phpunit/phpunit/phpunit'), PHPUnit\TextUI\Command::main, PHPUnit\TextUI\Command->run, PHPUnit\TextUI\TestRunner->run, PHPUnit\Framework\TestSuite->run, PHPUnit\Framework\TestCase->run, PHPUnit\Framework\TestResult->run, PHPUnit\Framework\TestCase->runBare, ClinicCore\Tests\Integration\Phase3Slice6AuthorizationRedTest->tearDown, ClinicCore\Tests\Integration\Phase3Slice6AuthorizationRedTest->purgeRows
WordPress database error Unknown column 't.clinic_id' in 'on clause' for query DELETE t FROM wptests_cpms_invoice_items t
                          JOIN wptests_cpms_clinics c ON c.id = t.clinic_id
                          WHERE c.organization_id = 2 made by include('/home/runner/work/doctor/doctor/clinic-practice-management/vendor/phpunit/phpunit/phpunit'), PHPUnit\TextUI\Command::main, PHPUnit\TextUI\Command->run, PHPUnit\TextUI\TestRunner->run, PHPUnit\Framework\TestSuite->run, PHPUnit\Framework\TestCase->run, PHPUnit\Framework\TestResult->run, PHPUnit\Framework\TestCase->runBare, ClinicCore\Tests\Integration\Phase3Slice6AuthorizationRedTest->tearDown, ClinicCore\Tests\Integration\Phase3Slice6AuthorizationRedTest->purgeRows
WordPress database error Table 'wordpress_test.wptests_cpms_invoice_adjustments' doesn't exist for query DELETE t FROM wptests_cpms_invoice_adjustments t
                          JOIN wptests_cpms_clinics c ON c.id = t.clinic_id
                          WHERE c.organization_id = 2 made by include('/home/runner/work/doctor/doctor/clinic-practice-management/vendor/phpunit/phpunit/phpunit'), PHPUnit\TextUI\Command::main, PHPUnit\TextUI\Command->run, PHPUnit\TextUI\TestRunner->run, PHPUnit\Framework\TestSuite->run, PHPUnit\Framework\TestCase->run, PHPUnit\Framework\TestResult->run, PHPUnit\Framework\TestCase->runBare, ClinicCore\Tests\Integration\Phase3Slice6AuthorizationRedTest->tearDown, ClinicCore\Tests\Integration\Phase3Slice6AuthorizationRedTest->purgeRows
WordPress database error Table 'wordpress_test.wptests_cpms_clinician_schedule_exceptions' doesn't exist for query DELETE t FROM wptests_cpms_clinician_schedule_exceptions t
                          JOIN wptests_cpms_clinics c ON c.id = t.clinic_id
                          WHERE c.organization_id = 2 made by include('/home/runner/work/doctor/doctor/clinic-practice-management/vendor/phpunit/phpunit/phpunit'), PHPUnit\TextUI\Command::main, PHPUnit\TextUI\Command->run, PHPUnit\TextUI\TestRunner->run, PHPUnit\Framework\TestSuite->run, PHPUnit\Framework\TestCase->run, PHPUnit\Framework\TestResult->run, PHPUnit\Framework\TestCase->runBare, ClinicCore\Tests\Integration\Phase3Slice6AuthorizationRedTest->tearDown, ClinicCore\Tests\Integration\Phase3Slice6AuthorizationRedTest->purgeRows
WordPress database error Table 'wordpress_test.wptests_cpms_clinician_schedules' doesn't exist for query DELETE t FROM wptests_cpms_clinician_schedules t
                          JOIN wptests_cpms_clinics c ON c.id = t.clinic_id
                          WHERE c.organization_id = 2 made by include('/home/runner/work/doctor/doctor/clinic-practice-management/vendor/phpunit/phpunit/phpunit'), PHPUnit\TextUI\Command::main, PHPUnit\TextUI\Command->run, PHPUnit\TextUI\TestRunner->run, PHPUnit\Framework\TestSuite->run, PHPUnit\Framework\TestCase->run, PHPUnit\Framework\TestResult->run, PHPUnit\Framework\TestCase->runBare, ClinicCore\Tests\Integration\Phase3Slice6AuthorizationRedTest->tearDown, ClinicCore\Tests\Integration\Phase3Slice6AuthorizationRedTest->purgeRows
WordPress database error Table 'wordpress_test.wptests_cpms_membership_caps' doesn't exist for query DELETE t FROM wptests_cpms_membership_caps t
                          JOIN wptests_cpms_clinics c ON c.id = t.clinic_id
                          WHERE c.organization_id = 2 made by include('/home/runner/work/doctor/doctor/clinic-practice-management/vendor/phpunit/phpunit/phpunit'), PHPUnit\TextUI\Command::main, PHPUnit\TextUI\Command->run, PHPUnit\TextUI\TestRunner->run, PHPUnit\Framework\TestSuite->run, PHPUnit\Framework\TestCase->run, PHPUnit\Framework\TestResult->run, PHPUnit\Framework\TestCase->runBare, ClinicCore\Tests\Integration\Phase3Slice6AuthorizationRedTest->tearDown, ClinicCore\Tests\Integration\Phase3Slice6AuthorizationRedTest->purgeRows
F<div id="error"><p class="wpdberror"><strong>WordPress database error:</strong> [Unknown column &#039;t.clinic_id&#039; in &#039;on clause&#039;]<br /><code>DELETE t FROM wptests_cpms_handwriting_page_versions t
                          JOIN wptests_cpms_clinics c ON c.id = t.clinic_id
                          WHERE c.organization_id = 2</code></p></div><div id="error"><p class="wpdberror"><strong>WordPress database error:</strong> [Unknown column &#039;t.clinic_id&#039; in &#039;on clause&#039;]<br /><code>DELETE t FROM wptests_cpms_handwriting_pages t
                          JOIN wptests_cpms_clinics c ON c.id = t.clinic_id
                          WHERE c.organization_id = 2</code></p></div><div id="error"><p class="wpdberror"><strong>WordPress database error:</strong> [Unknown column &#039;t.clinic_id&#039; in &#039;on clause&#039;]<br /><code>DELETE t FROM wptests_cpms_invoice_items t
                          JOIN wptests_cpms_clinics c ON c.id = t.clinic_id
                          WHERE c.organization_id = 2</code></p></div><div id="error"><p class="wpdberror"><strong>WordPress database error:</strong> [Table &#039;wordpress_test.wptests_cpms_invoice_adjustments&#039; doesn&#039;t exist]<br /><code>DELETE t FROM wptests_cpms_invoice_adjustments t
                          JOIN wptests_cpms_clinics c ON c.id = t.clinic_id
                          WHERE c.organization_id = 2</code></p></div><div id="error"><p class="wpdberror"><strong>WordPress database error:</strong> [Table &#039;wordpress_test.wptests_cpms_clinician_schedule_exceptions&#039; doesn&#039;t exist]<br /><code>DELETE t FROM wptests_cpms_clinician_schedule_exceptions t
                          JOIN wptests_cpms_clinics c ON c.id = t.clinic_id
                          WHERE c.organization_id = 2</code></p></div><div id="error"><p class="wpdberror"><strong>WordPress database error:</strong> [Table &#039;wordpress_test.wptests_cpms_clinician_schedules&#039; doesn&#039;t exist]<br /><code>DELETE t FROM wptests_cpms_clinician_schedules t
                          JOIN wptests_cpms_clinics c ON c.id = t.clinic_id
                          WHERE c.organization_id = 2</code></p></div><div id="error"><p class="wpdberror"><strong>WordPress database error:</strong> [Table &#039;wordpress_test.wptests_cpms_membership_caps&#039; doesn&#039;t exist]<br /><code>DELETE t FROM wptests_cpms_membership_caps t
                          JOIN wptests_cpms_clinics c ON c.id = t.clinic_id
                          WHERE c.organization_id = 2</code></p></div>WordPress database error Unknown column 't.clinic_id' in 'on clause' for query DELETE t FROM wptests_cpms_handwriting_page_versions t
                          JOIN wptests_cpms_clinics c ON c.id = t.clinic_id
                          WHERE c.organization_id = 3 made by include('/home/runner/work/doctor/doctor/clinic-practice-management/vendor/phpunit/phpunit/phpunit'), PHPUnit\TextUI\Command::main, PHPUnit\TextUI\Command->run, PHPUnit\TextUI\TestRunner->run, PHPUnit\Framework\TestSuite->run, PHPUnit\Framework\TestCase->run, PHPUnit\Framework\TestResult->run, PHPUnit\Framework\TestCase->runBare, ClinicCore\Tests\Integration\Phase3Slice6AuthorizationRedTest->tearDown, ClinicCore\Tests\Integration\Phase3Slice6AuthorizationRedTest->purgeRows
WordPress database error Unknown column 't.clinic_id' in 'on clause' for query DELETE t FROM wptests_cpms_handwriting_pages t
                          JOIN wptests_cpms_clinics c ON c.id = t.clinic_id
                          WHERE c.organization_id = 3 made by include('/home/runner/work/doctor/doctor/clinic-practice-management/vendor/phpunit/phpunit/phpunit'), PHPUnit\TextUI\Command::main, PHPUnit\TextUI\Command->run, PHPUnit\TextUI\TestRunner->run, PHPUnit\Framework\TestSuite->run, PHPUnit\Framework\TestCase->run, PHPUnit\Framework\TestResult->run, PHPUnit\Framework\TestCase->runBare, ClinicCore\Tests\Integration\Phase3Slice6AuthorizationRedTest->tearDown, ClinicCore\Tests\Integration\Phase3Slice6AuthorizationRedTest->purgeRows
WordPress database error Unknown column 't.clinic_id' in 'on clause' for query DELETE t FROM wptests_cpms_invoice_items t
                          JOIN wptests_cpms_clinics c ON c.id = t.clinic_id
                          WHERE c.organization_id = 3 made by include('/home/runner/work/doctor/doctor/clinic-practice-management/vendor/phpunit/phpunit/phpunit'), PHPUnit\TextUI\Command::main, PHPUnit\TextUI\Command->run, PHPUnit\TextUI\TestRunner->run, PHPUnit\Framework\TestSuite->run, PHPUnit\Framework\TestCase->run, PHPUnit\Framework\TestResult->run, PHPUnit\Framework\TestCase->runBare, ClinicCore\Tests\Integration\Phase3Slice6AuthorizationRedTest->tearDown, ClinicCore\Tests\Integration\Phase3Slice6AuthorizationRedTest->purgeRows
WordPress database error Table 'wordpress_test.wptests_cpms_invoice_adjustments' doesn't exist for query DELETE t FROM wptests_cpms_invoice_adjustments t
                          JOIN wptests_cpms_clinics c ON c.id = t.clinic_id
                          WHERE c.organization_id = 3 made by include('/home/runner/work/doctor/doctor/clinic-practice-management/vendor/phpunit/phpunit/phpunit'), PHPUnit\TextUI\Command::main, PHPUnit\TextUI\Command->run, PHPUnit\TextUI\TestRunner->run, PHPUnit\Framework\TestSuite->run, PHPUnit\Framework\TestCase->run, PHPUnit\Framework\TestResult->run, PHPUnit\Framework\TestCase->runBare, ClinicCore\Tests\Integration\Phase3Slice6AuthorizationRedTest->tearDown, ClinicCore\Tests\Integration\Phase3Slice6AuthorizationRedTest->purgeRows
WordPress database error Table 'wordpress_test.wptests_cpms_clinician_schedule_exceptions' doesn't exist for query DELETE t FROM wptests_cpms_clinician_schedule_exceptions t
                          JOIN wptests_cpms_clinics c ON c.id = t.clinic_id
                          WHERE c.organization_id = 3 made by include('/home/runner/work/doctor/doctor/clinic-practice-management/vendor/phpunit/phpunit/phpunit'), PHPUnit\TextUI\Command::main, PHPUnit\TextUI\Command->run, PHPUnit\TextUI\TestRunner->run, PHPUnit\Framework\TestSuite->run, PHPUnit\Framework\TestCase->run, PHPUnit\Framework\TestResult->run, PHPUnit\Framework\TestCase->runBare, ClinicCore\Tests\Integration\Phase3Slice6AuthorizationRedTest->tearDown, ClinicCore\Tests\Integration\Phase3Slice6AuthorizationRedTest->purgeRows
WordPress database error Table 'wordpress_test.wptests_cpms_clinician_schedules' doesn't exist for query DELETE t FROM wptests_cpms_clinician_schedules t
                          JOIN wptests_cpms_clinics c ON c.id = t.clinic_id
                          WHERE c.organization_id = 3 made by include('/home/runner/work/doctor/doctor/clinic-practice-management/vendor/phpunit/phpunit/phpunit'), PHPUnit\TextUI\Command::main, PHPUnit\TextUI\Command->run, PHPUnit\TextUI\TestRunner->run, PHPUnit\Framework\TestSuite->run, PHPUnit\Framework\TestCase->run, PHPUnit\Framework\TestResult->run, PHPUnit\Framework\TestCase->runBare, ClinicCore\Tests\Integration\Phase3Slice6AuthorizationRedTest->tearDown, ClinicCore\Tests\Integration\Phase3Slice6AuthorizationRedTest->purgeRows
WordPress database error Table 'wordpress_test.wptests_cpms_membership_caps' doesn't exist for query DELETE t FROM wptests_cpms_membership_caps t
                          JOIN wptests_cpms_clinics c ON c.id = t.clinic_id
                          WHERE c.organization_id = 3 made by include('/home/runner/work/doctor/doctor/clinic-practice-management/vendor/phpunit/phpunit/phpunit'), PHPUnit\TextUI\Command::main, PHPUnit\TextUI\Command->run, PHPUnit\TextUI\TestRunner->run, PHPUnit\Framework\TestSuite->run, PHPUnit\Framework\TestCase->run, PHPUnit\Framework\TestResult->run, PHPUnit\Framework\TestCase->runBare, ClinicCore\Tests\Integration\Phase3Slice6AuthorizationRedTest->tearDown, ClinicCore\Tests\Integration\Phase3Slice6AuthorizationRedTest->purgeRows
WordPress database error Cannot delete or update a parent row: a foreign key constraint fails (`wordpress_test`.`wptests_cpms_audit_logs`, CONSTRAINT `fk_audit_logs_clinic` FOREIGN KEY (`clinic_id`) REFERENCES `wptests_cpms_clinics` (`id`)) for query DELETE FROM wptests_cpms_clinics WHERE organization_id = 3 made by include('/home/runner/work/doctor/doctor/clinic-practice-management/vendor/phpunit/phpunit/phpunit'), PHPUnit\TextUI\Command::main, PHPUnit\TextUI\Command->run, PHPUnit\TextUI\TestRunner->run, PHPUnit\Framework\TestSuite->run, PHPUnit\Framework\TestCase->run, PHPUnit\Framework\TestResult->run, PHPUnit\Framework\TestCase->runBare, ClinicCore\Tests\Integration\Phase3Slice6AuthorizationRedTest->tearDown, ClinicCore\Tests\Integration\Phase3Slice6AuthorizationRedTest->purgeRows
WordPress database error Cannot delete or update a parent row: a foreign key constraint fails (`wordpress_test`.`wptests_cpms_clinics`, CONSTRAINT `fk_clinics_organization` FOREIGN KEY (`organization_id`) REFERENCES `wptests_cpms_organizations` (`id`)) for query DELETE FROM wptests_cpms_organizations WHERE id = 3 made by include('/home/runner/work/doctor/doctor/clinic-practice-management/vendor/phpunit/phpunit/phpunit'), PHPUnit\TextUI\Command::main, PHPUnit\TextUI\Command->run, PHPUnit\TextUI\TestRunner->run, PHPUnit\Framework\TestSuite->run, PHPUnit\Framework\TestCase->run, PHPUnit\Framework\TestResult->run, PHPUnit\Framework\TestCase->runBare, ClinicCore\Tests\Integration\Phase3Slice6AuthorizationRedTest->tearDown, ClinicCore\Tests\Integration\Phase3Slice6AuthorizationRedTest->purgeRows
F<div id="error"><p class="wpdberror"><strong>WordPress database error:</strong> [Unknown column &#039;t.clinic_id&#039; in &#039;on clause&#039;]<br /><code>DELETE t FROM wptests_cpms_handwriting_page_versions t
                          JOIN wptests_cpms_clinics c ON c.id = t.clinic_id
                          WHERE c.organization_id = 3</code></p></div><div id="error"><p class="wpdberror"><strong>WordPress database error:</strong> [Unknown column &#039;t.clinic_id&#039; in &#039;on clause&#039;]<br /><code>DELETE t FROM wptests_cpms_handwriting_pages t
                          JOIN wptests_cpms_clinics c ON c.id = t.clinic_id
                          WHERE c.organization_id = 3</code></p></div><div id="error"><p class="wpdberror"><strong>WordPress database error:</strong> [Unknown column &#039;t.clinic_id&#039; in &#039;on clause&#039;]<br /><code>DELETE t FROM wptests_cpms_invoice_items t
                          JOIN wptests_cpms_clinics c ON c.id = t.clinic_id
                          WHERE c.organization_id = 3</code></p></div><div id="error"><p class="wpdberror"><strong>WordPress database error:</strong> [Table &#039;wordpress_test.wptests_cpms_invoice_adjustments&#039; doesn&#039;t exist]<br /><code>DELETE t FROM wptests_cpms_invoice_adjustments t
                          JOIN wptests_cpms_clinics c ON c.id = t.clinic_id
                          WHERE c.organization_id = 3</code></p></div><div id="error"><p class="wpdberror"><strong>WordPress database error:</strong> [Table &#039;wordpress_test.wptests_cpms_clinician_schedule_exceptions&#039; doesn&#039;t exist]<br /><code>DELETE t FROM wptests_cpms_clinician_schedule_exceptions t
                          JOIN wptests_cpms_clinics c ON c.id = t.clinic_id
                          WHERE c.organization_id = 3</code></p></div><div id="error"><p class="wpdberror"><strong>WordPress database error:</strong> [Table &#039;wordpress_test.wptests_cpms_clinician_schedules&#039; doesn&#039;t exist]<br /><code>DELETE t FROM wptests_cpms_clinician_schedules t
                          JOIN wptests_cpms_clinics c ON c.id = t.clinic_id
                          WHERE c.organization_id = 3</code></p></div><div id="error"><p class="wpdberror"><strong>WordPress database error:</strong> [Table &#039;wordpress_test.wptests_cpms_membership_caps&#039; doesn&#039;t exist]<br /><code>DELETE t FROM wptests_cpms_membership_caps t
                          JOIN wptests_cpms_clinics c ON c.id = t.clinic_id
                          WHERE c.organization_id = 3</code></p></div><div id="error"><p class="wpdberror"><strong>WordPress database error:</strong> [Cannot delete or update a parent row: a foreign key constraint fails (`wordpress_test`.`wptests_cpms_audit_logs`, CONSTRAINT `fk_audit_logs_clinic` FOREIGN KEY (`clinic_id`) REFERENCES `wptests_cpms_clinics` (`id`))]<br /><code>DELETE FROM wptests_cpms_clinics WHERE organization_id = 3</code></p></div><div id="error"><p class="wpdberror"><strong>WordPress database error:</strong> [Cannot delete or update a parent row: a foreign key constraint fails (`wordpress_test`.`wptests_cpms_clinics`, CONSTRAINT `fk_clinics_organization` FOREIGN KEY (`organization_id`) REFERENCES `wptests_cpms_organizations` (`id`))]<br /><code>DELETE FROM wptests_cpms_organizations WHERE id = 3</code></p></div>WordPress database error Unknown column 't.clinic_id' in 'on clause' for query DELETE t FROM wptests_cpms_handwriting_page_versions t
                          JOIN wptests_cpms_clinics c ON c.id = t.clinic_id
                          WHERE c.organization_id = 4 made by include('/home/runner/work/doctor/doctor/clinic-practice-management/vendor/phpunit/phpunit/phpunit'), PHPUnit\TextUI\Command::main, PHPUnit\TextUI\Command->run, PHPUnit\TextUI\TestRunner->run, PHPUnit\Framework\TestSuite->run, PHPUnit\Framework\TestCase->run, PHPUnit\Framework\TestResult->run, PHPUnit\Framework\TestCase->runBare, ClinicCore\Tests\Integration\Phase3Slice6AuthorizationRedTest->tearDown, ClinicCore\Tests\Integration\Phase3Slice6AuthorizationRedTest->purgeRows
WordPress database error Unknown column 't.clinic_id' in 'on clause' for query DELETE t FROM wptests_cpms_handwriting_pages t
                          JOIN wptests_cpms_clinics c ON c.id = t.clinic_id
                          WHERE c.organization_id = 4 made by include('/home/runner/work/doctor/doctor/clinic-practice-management/vendor/phpunit/phpunit/phpunit'), PHPUnit\TextUI\Command::main, PHPUnit\TextUI\Command->run, PHPUnit\TextUI\TestRunner->run, PHPUnit\Framework\TestSuite->run, PHPUnit\Framework\TestCase->run, PHPUnit\Framework\TestResult->run, PHPUnit\Framework\TestCase->runBare, ClinicCore\Tests\Integration\Phase3Slice6AuthorizationRedTest->tearDown, ClinicCore\Tests\Integration\Phase3Slice6AuthorizationRedTest->purgeRows
WordPress database error Unknown column 't.clinic_id' in 'on clause' for query DELETE t FROM wptests_cpms_invoice_items t
                          JOIN wptests_cpms_clinics c ON c.id = t.clinic_id
                          WHERE c.organization_id = 4 made by include('/home/runner/work/doctor/doctor/clinic-practice-management/vendor/phpunit/phpunit/phpunit'), PHPUnit\TextUI\Command::main, PHPUnit\TextUI\Command->run, PHPUnit\TextUI\TestRunner->run, PHPUnit\Framework\TestSuite->run, PHPUnit\Framework\TestCase->run, PHPUnit\Framework\TestResult->run, PHPUnit\Framework\TestCase->runBare, ClinicCore\Tests\Integration\Phase3Slice6AuthorizationRedTest->tearDown, ClinicCore\Tests\Integration\Phase3Slice6AuthorizationRedTest->purgeRows
WordPress database error Table 'wordpress_test.wptests_cpms_invoice_adjustments' doesn't exist for query DELETE t FROM wptests_cpms_invoice_adjustments t
                          JOIN wptests_cpms_clinics c ON c.id = t.clinic_id
                          WHERE c.organization_id = 4 made by include('/home/runner/work/doctor/doctor/clinic-practice-management/vendor/phpunit/phpunit/phpunit'), PHPUnit\TextUI\Command::main, PHPUnit\TextUI\Command->run, PHPUnit\TextUI\TestRunner->run, PHPUnit\Framework\TestSuite->run, PHPUnit\Framework\TestCase->run, PHPUnit\Framework\TestResult->run, PHPUnit\Framework\TestCase->runBare, ClinicCore\Tests\Integration\Phase3Slice6AuthorizationRedTest->tearDown, ClinicCore\Tests\Integration\Phase3Slice6AuthorizationRedTest->purgeRows
WordPress database error Table 'wordpress_test.wptests_cpms_clinician_schedule_exceptions' doesn't exist for query DELETE t FROM wptests_cpms_clinician_schedule_exceptions t
                          JOIN wptests_cpms_clinics c ON c.id = t.clinic_id
                          WHERE c.organization_id = 4 made by include('/home/runner/work/doctor/doctor/clinic-practice-management/vendor/phpunit/phpunit/phpunit'), PHPUnit\TextUI\Command::main, PHPUnit\TextUI\Command->run, PHPUnit\TextUI\TestRunner->run, PHPUnit\Framework\TestSuite->run, PHPUnit\Framework\TestCase->run, PHPUnit\Framework\TestResult->run, PHPUnit\Framework\TestCase->runBare, ClinicCore\Tests\Integration\Phase3Slice6AuthorizationRedTest->tearDown, ClinicCore\Tests\Integration\Phase3Slice6AuthorizationRedTest->purgeRows
WordPress database error Table 'wordpress_test.wptests_cpms_clinician_schedules' doesn't exist for query DELETE t FROM wptests_cpms_clinician_schedules t
                          JOIN wptests_cpms_clinics c ON c.id = t.clinic_id
                          WHERE c.organization_id = 4 made by include('/home/runner/work/doctor/doctor/clinic-practice-management/vendor/phpunit/phpunit/phpunit'), PHPUnit\TextUI\Command::main, PHPUnit\TextUI\Command->run, PHPUnit\TextUI\TestRunner->run, PHPUnit\Framework\TestSuite->run, PHPUnit\Framework\TestCase->run, PHPUnit\Framework\TestResult->run, PHPUnit\Framework\TestCase->runBare, ClinicCore\Tests\Integration\Phase3Slice6AuthorizationRedTest->tearDown, ClinicCore\Tests\Integration\Phase3Slice6AuthorizationRedTest->purgeRows
WordPress database error Table 'wordpress_test.wptests_cpms_membership_caps' doesn't exist for query DELETE t FROM wptests_cpms_membership_caps t
                          JOIN wptests_cpms_clinics c ON c.id = t.clinic_id
                          WHERE c.organization_id = 4 made by include('/home/runner/work/doctor/doctor/clinic-practice-management/vendor/phpunit/phpunit/phpunit'), PHPUnit\TextUI\Command::main, PHPUnit\TextUI\Command->run, PHPUnit\TextUI\TestRunner->run, PHPUnit\Framework\TestSuite->run, PHPUnit\Framework\TestCase->run, PHPUnit\Framework\TestResult->run, PHPUnit\Framework\TestCase->runBare, ClinicCore\Tests\Integration\Phase3Slice6AuthorizationRedTest->tearDown, ClinicCore\Tests\Integration\Phase3Slice6AuthorizationRedTest->purgeRows
WordPress database error Cannot delete or update a parent row: a foreign key constraint fails (`wordpress_test`.`wptests_cpms_audit_logs`, CONSTRAINT `fk_audit_logs_clinic` FOREIGN KEY (`clinic_id`) REFERENCES `wptests_cpms_clinics` (`id`)) for query DELETE FROM wptests_cpms_clinics WHERE organization_id = 4 made by include('/home/runner/work/doctor/doctor/clinic-practice-management/vendor/phpunit/phpunit/phpunit'), PHPUnit\TextUI\Command::main, PHPUnit\TextUI\Command->run, PHPUnit\TextUI\TestRunner->run, PHPUnit\Framework\TestSuite->run, PHPUnit\Framework\TestCase->run, PHPUnit\Framework\TestResult->run, PHPUnit\Framework\TestCase->runBare, ClinicCore\Tests\Integration\Phase3Slice6AuthorizationRedTest->tearDown, ClinicCore\Tests\Integration\Phase3Slice6AuthorizationRedTest->purgeRows
WordPress database error Cannot delete or update a parent row: a foreign key constraint fails (`wordpress_test`.`wptests_cpms_clinics`, CONSTRAINT `fk_clinics_organization` FOREIGN KEY (`organization_id`) REFERENCES `wptests_cpms_organizations` (`id`)) for query DELETE FROM wptests_cpms_organizations WHERE id = 4 made by include('/home/runner/work/doctor/doctor/clinic-practice-management/vendor/phpunit/phpunit/phpunit'), PHPUnit\TextUI\Command::main, PHPUnit\TextUI\Command->run, PHPUnit\TextUI\TestRunner->run, PHPUnit\Framework\TestSuite->run, PHPUnit\Framework\TestCase->run, PHPUnit\Framework\TestResult->run, PHPUnit\Framework\TestCase->runBare, ClinicCore\Tests\Integration\Phase3Slice6AuthorizationRedTest->tearDown, ClinicCore\Tests\Integration\Phase3Slice6AuthorizationRedTest->purgeRows
F<div id="error"><p class="wpdberror"><strong>WordPress database error:</strong> [Unknown column &#039;t.clinic_id&#039; in &#039;on clause&#039;]<br /><code>DELETE t FROM wptests_cpms_handwriting_page_versions t
                          JOIN wptests_cpms_clinics c ON c.id = t.clinic_id
                          WHERE c.organization_id = 4</code></p></div><div id="error"><p class="wpdberror"><strong>WordPress database error:</strong> [Unknown column &#039;t.clinic_id&#039; in &#039;on clause&#039;]<br /><code>DELETE t FROM wptests_cpms_handwriting_pages t
                          JOIN wptests_cpms_clinics c ON c.id = t.clinic_id
                          WHERE c.organization_id = 4</code></p></div><div id="error"><p class="wpdberror"><strong>WordPress database error:</strong> [Unknown column &#039;t.clinic_id&#039; in &#039;on clause&#039;]<br /><code>DELETE t FROM wptests_cpms_invoice_items t
                          JOIN wptests_cpms_clinics c ON c.id = t.clinic_id
                          WHERE c.organization_id = 4</code></p></div><div id="error"><p class="wpdberror"><strong>WordPress database error:</strong> [Table &#039;wordpress_test.wptests_cpms_invoice_adjustments&#039; doesn&#039;t exist]<br /><code>DELETE t FROM wptests_cpms_invoice_adjustments t
                          JOIN wptests_cpms_clinics c ON c.id = t.clinic_id
                          WHERE c.organization_id = 4</code></p></div><div id="error"><p class="wpdberror"><strong>WordPress database error:</strong> [Table &#039;wordpress_test.wptests_cpms_clinician_schedule_exceptions&#039; doesn&#039;t exist]<br /><code>DELETE t FROM wptests_cpms_clinician_schedule_exceptions t
                          JOIN wptests_cpms_clinics c ON c.id = t.clinic_id
                          WHERE c.organization_id = 4</code></p></div><div id="error"><p class="wpdberror"><strong>WordPress database error:</strong> [Table &#039;wordpress_test.wptests_cpms_clinician_schedules&#039; doesn&#039;t exist]<br /><code>DELETE t FROM wptests_cpms_clinician_schedules t
                          JOIN wptests_cpms_clinics c ON c.id = t.clinic_id
                          WHERE c.organization_id = 4</code></p></div><div id="error"><p class="wpdberror"><strong>WordPress database error:</strong> [Table &#039;wordpress_test.wptests_cpms_membership_caps&#039; doesn&#039;t exist]<br /><code>DELETE t FROM wptests_cpms_membership_caps t
                          JOIN wptests_cpms_clinics c ON c.id = t.clinic_id
                          WHERE c.organization_id = 4</code></p></div><div id="error"><p class="wpdberror"><strong>WordPress database error:</strong> [Cannot delete or update a parent row: a foreign key constraint fails (`wordpress_test`.`wptests_cpms_audit_logs`, CONSTRAINT `fk_audit_logs_clinic` FOREIGN KEY (`clinic_id`) REFERENCES `wptests_cpms_clinics` (`id`))]<br /><code>DELETE FROM wptests_cpms_clinics WHERE organization_id = 4</code></p></div><div id="error"><p class="wpdberror"><strong>WordPress database error:</strong> [Cannot delete or update a parent row: a foreign key constraint fails (`wordpress_test`.`wptests_cpms_clinics`, CONSTRAINT `fk_clinics_organization` FOREIGN KEY (`organization_id`) REFERENCES `wptests_cpms_organizations` (`id`))]<br /><code>DELETE FROM wptests_cpms_organizations WHERE id = 4</code></p></div>WordPress database error Unknown column 't.clinic_id' in 'on clause' for query DELETE t FROM wptests_cpms_handwriting_page_versions t
                          JOIN wptests_cpms_clinics c ON c.id = t.clinic_id
                          WHERE c.organization_id = 5 made by include('/home/runner/work/doctor/doctor/clinic-practice-management/vendor/phpunit/phpunit/phpunit'), PHPUnit\TextUI\Command::main, PHPUnit\TextUI\Command->run, PHPUnit\TextUI\TestRunner->run, PHPUnit\Framework\TestSuite->run, PHPUnit\Framework\TestCase->run, PHPUnit\Framework\TestResult->run, PHPUnit\Framework\TestCase->runBare, ClinicCore\Tests\Integration\Phase3Slice6AuthorizationRedTest->tearDown, ClinicCore\Tests\Integration\Phase3Slice6AuthorizationRedTest->purgeRows
WordPress database error Unknown column 't.clinic_id' in 'on clause' for query DELETE t FROM wptests_cpms_handwriting_pages t
                          JOIN wptests_cpms_clinics c ON c.id = t.clinic_id
                          WHERE c.organization_id = 5 made by include('/home/runner/work/doctor/doctor/clinic-practice-management/vendor/phpunit/phpunit/phpunit'), PHPUnit\TextUI\Command::main, PHPUnit\TextUI\Command->run, PHPUnit\TextUI\TestRunner->run, PHPUnit\Framework\TestSuite->run, PHPUnit\Framework\TestCase->run, PHPUnit\Framework\TestResult->run, PHPUnit\Framework\TestCase->runBare, ClinicCore\Tests\Integration\Phase3Slice6AuthorizationRedTest->tearDown, ClinicCore\Tests\Integration\Phase3Slice6AuthorizationRedTest->purgeRows
WordPress database error Unknown column 't.clinic_id' in 'on clause' for query DELETE t FROM wptests_cpms_invoice_items t
                          JOIN wptests_cpms_clinics c ON c.id = t.clinic_id
                          WHERE c.organization_id = 5 made by include('/home/runner/work/doctor/doctor/clinic-practice-management/vendor/phpunit/phpunit/phpunit'), PHPUnit\TextUI\Command::main, PHPUnit\TextUI\Command->run, PHPUnit\TextUI\TestRunner->run, PHPUnit\Framework\TestSuite->run, PHPUnit\Framework\TestCase->run, PHPUnit\Framework\TestResult->run, PHPUnit\Framework\TestCase->runBare, ClinicCore\Tests\Integration\Phase3Slice6AuthorizationRedTest->tearDown, ClinicCore\Tests\Integration\Phase3Slice6AuthorizationRedTest->purgeRows
WordPress database error Table 'wordpress_test.wptests_cpms_invoice_adjustments' doesn't exist for query DELETE t FROM wptests_cpms_invoice_adjustments t
                          JOIN wptests_cpms_clinics c ON c.id = t.clinic_id
                          WHERE c.organization_id = 5 made by include('/home/runner/work/doctor/doctor/clinic-practice-management/vendor/phpunit/phpunit/phpunit'), PHPUnit\TextUI\Command::main, PHPUnit\TextUI\Command->run, PHPUnit\TextUI\TestRunner->run, PHPUnit\Framework\TestSuite->run, PHPUnit\Framework\TestCase->run, PHPUnit\Framework\TestResult->run, PHPUnit\Framework\TestCase->runBare, ClinicCore\Tests\Integration\Phase3Slice6AuthorizationRedTest->tearDown, ClinicCore\Tests\Integration\Phase3Slice6AuthorizationRedTest->purgeRows
WordPress database error Cannot delete or update a parent row: a foreign key constraint fails (`wordpress_test`.`wptests_cpms_clinical_notes`, CONSTRAINT `fk_note_visit` FOREIGN KEY (`visit_id`) REFERENCES `wptests_cpms_visits` (`id`) ON DELETE RESTRICT) for query DELETE t FROM wptests_cpms_visits t
                          JOIN wptests_cpms_clinics c ON c.id = t.clinic_id
                          WHERE c.organization_id = 5 made by include('/home/runner/work/doctor/doctor/clinic-practice-management/vendor/phpunit/phpunit/phpunit'), PHPUnit\TextUI\Command::main, PHPUnit\TextUI\Command->run, PHPUnit\TextUI\TestRunner->run, PHPUnit\Framework\TestSuite->run, PHPUnit\Framework\TestCase->run, PHPUnit\Framework\TestResult->run, PHPUnit\Framework\TestCase->runBare, ClinicCore\Tests\Integration\Phase3Slice6AuthorizationRedTest->tearDown, ClinicCore\Tests\Integration\Phase3Slice6AuthorizationRedTest->purgeRows
WordPress database error Table 'wordpress_test.wptests_cpms_clinician_schedule_exceptions' doesn't exist for query DELETE t FROM wptests_cpms_clinician_schedule_exceptions t
                          JOIN wptests_cpms_clinics c ON c.id = t.clinic_id
                          WHERE c.organization_id = 5 made by include('/home/runner/work/doctor/doctor/clinic-practice-management/vendor/phpunit/phpunit/phpunit'), PHPUnit\TextUI\Command::main, PHPUnit\TextUI\Command->run, PHPUnit\TextUI\TestRunner->run, PHPUnit\Framework\TestSuite->run, PHPUnit\Framework\TestCase->run, PHPUnit\Framework\TestResult->run, PHPUnit\Framework\TestCase->runBare, ClinicCore\Tests\Integration\Phase3Slice6AuthorizationRedTest->tearDown, ClinicCore\Tests\Integration\Phase3Slice6AuthorizationRedTest->purgeRows
WordPress database error Table 'wordpress_test.wptests_cpms_clinician_schedules' doesn't exist for query DELETE t FROM wptests_cpms_clinician_schedules t
                          JOIN wptests_cpms_clinics c ON c.id = t.clinic_id
                          WHERE c.organization_id = 5 made by include('/home/runner/work/doctor/doctor/clinic-practice-management/vendor/phpunit/phpunit/phpunit'), PHPUnit\TextUI\Command::main, PHPUnit\TextUI\Command->run, PHPUnit\TextUI\TestRunner->run, PHPUnit\Framework\TestSuite->run, PHPUnit\Framework\TestCase->run, PHPUnit\Framework\TestResult->run, PHPUnit\Framework\TestCase->runBare, ClinicCore\Tests\Integration\Phase3Slice6AuthorizationRedTest->tearDown, ClinicCore\Tests\Integration\Phase3Slice6AuthorizationRedTest->purgeRows
WordPress database error Cannot delete or update a parent row: a foreign key constraint fails (`wordpress_test`.`wptests_cpms_clinical_notes`, CONSTRAINT `fk_note_clinician` FOREIGN KEY (`clinician_id`) REFERENCES `wptests_cpms_clinicians` (`id`)) for query DELETE t FROM wptests_cpms_clinicians t
                          JOIN wptests_cpms_clinics c ON c.id = t.clinic_id
                          WHERE c.organization_id = 5 made by include('/home/runner/work/doctor/doctor/clinic-practice-management/vendor/phpunit/phpunit/phpunit'), PHPUnit\TextUI\Command::main, PHPUnit\TextUI\Command->run, PHPUnit\TextUI\TestRunner->run, PHPUnit\Framework\TestSuite->run, PHPUnit\Framework\TestCase->run, PHPUnit\Framework\TestResult->run, PHPUnit\Framework\TestCase->runBare, ClinicCore\Tests\Integration\Phase3Slice6AuthorizationRedTest->tearDown, ClinicCore\Tests\Integration\Phase3Slice6AuthorizationRedTest->purgeRows
WordPress database error Cannot delete or update a parent row: a foreign key constraint fails (`wordpress_test`.`wptests_cpms_clinical_notes`, CONSTRAINT `fk_note_patient` FOREIGN KEY (`patient_id`) REFERENCES `wptests_cpms_patients` (`id`) ON DELETE RESTRICT) for query DELETE t FROM wptests_cpms_patients t
                          JOIN wptests_cpms_clinics c ON c.id = t.clinic_id
                          WHERE c.organization_id = 5 made by include('/home/runner/work/doctor/doctor/clinic-practice-management/vendor/phpunit/phpunit/phpunit'), PHPUnit\TextUI\Command::main, PHPUnit\TextUI\Command->run, PHPUnit\TextUI\TestRunner->run, PHPUnit\Framework\TestSuite->run, PHPUnit\Framework\TestCase->run, PHPUnit\Framework\TestResult->run, PHPUnit\Framework\TestCase->runBare, ClinicCore\Tests\Integration\Phase3Slice6AuthorizationRedTest->tearDown, ClinicCore\Tests\Integration\Phase3Slice6AuthorizationRedTest->purgeRows
WordPress database error Table 'wordpress_test.wptests_cpms_membership_caps' doesn't exist for query DELETE t FROM wptests_cpms_membership_caps t
                          JOIN wptests_cpms_clinics c ON c.id = t.clinic_id
                          WHERE c.organization_id = 5 made by include('/home/runner/work/doctor/doctor/clinic-practice-management/vendor/phpunit/phpunit/phpunit'), PHPUnit\TextUI\Command::main, PHPUnit\TextUI\Command->run, PHPUnit\TextUI\TestRunner->run, PHPUnit\Framework\TestSuite->run, PHPUnit\Framework\TestCase->run, PHPUnit\Framework\TestResult->run, PHPUnit\Framework\TestCase->runBare, ClinicCore\Tests\Integration\Phase3Slice6AuthorizationRedTest->tearDown, ClinicCore\Tests\Integration\Phase3Slice6AuthorizationRedTest->purgeRows
WordPress database error Cannot delete or update a parent row: a foreign key constraint fails (`wordpress_test`.`wptests_cpms_visits`, CONSTRAINT `fk_visit_location` FOREIGN KEY (`location_id`) REFERENCES `wptests_cpms_locations` (`id`)) for query DELETE t FROM wptests_cpms_locations t
                          JOIN wptests_cpms_clinics c ON c.id = t.clinic_id
                          WHERE c.organization_id = 5 made by include('/home/runner/work/doctor/doctor/clinic-practice-management/vendor/phpunit/phpunit/phpunit'), PHPUnit\TextUI\Command::main, PHPUnit\TextUI\Command->run, PHPUnit\TextUI\TestRunner->run, PHPUnit\Framework\TestSuite->run, PHPUnit\Framework\TestCase->run, PHPUnit\Framework\TestResult->run, PHPUnit\Framework\TestCase->runBare, ClinicCore\Tests\Integration\Phase3Slice6AuthorizationRedTest->tearDown, ClinicCore\Tests\Integration\Phase3Slice6AuthorizationRedTest->purgeRows
WordPress database error Cannot delete or update a parent row: a foreign key constraint fails (`wordpress_test`.`wptests_cpms_audit_logs`, CONSTRAINT `fk_audit_logs_clinic` FOREIGN KEY (`clinic_id`) REFERENCES `wptests_cpms_clinics` (`id`)) for query DELETE FROM wptests_cpms_clinics WHERE organization_id = 5 made by include('/home/runner/work/doctor/doctor/clinic-practice-management/vendor/phpunit/phpunit/phpunit'), PHPUnit\TextUI\Command::main, PHPUnit\TextUI\Command->run, PHPUnit\TextUI\TestRunner->run, PHPUnit\Framework\TestSuite->run, PHPUnit\Framework\TestCase->run, PHPUnit\Framework\TestResult->run, PHPUnit\Framework\TestCase->runBare, ClinicCore\Tests\Integration\Phase3Slice6AuthorizationRedTest->tearDown, ClinicCore\Tests\Integration\Phase3Slice6AuthorizationRedTest->purgeRows
WordPress database error Cannot delete or update a parent row: a foreign key constraint fails (`wordpress_test`.`wptests_cpms_clinics`, CONSTRAINT `fk_clinics_organization` FOREIGN KEY (`organization_id`) REFERENCES `wptests_cpms_organizations` (`id`)) for query DELETE FROM wptests_cpms_organizations WHERE id = 5 made by include('/home/runner/work/doctor/doctor/clinic-practice-management/vendor/phpunit/phpunit/phpunit'), PHPUnit\TextUI\Command::main, PHPUnit\TextUI\Command->run, PHPUnit\TextUI\TestRunner->run, PHPUnit\Framework\TestSuite->run, PHPUnit\Framework\TestCase->run, PHPUnit\Framework\TestResult->run, PHPUnit\Framework\TestCase->runBare, ClinicCore\Tests\Integration\Phase3Slice6AuthorizationRedTest->tearDown, ClinicCore\Tests\Integration\Phase3Slice6AuthorizationRedTest->purgeRows
F                                                                4 / 4 (100%)<div id="error"><p class="wpdberror"><strong>WordPress database error:</strong> [Unknown column &#039;t.clinic_id&#039; in &#039;on clause&#039;]<br /><code>DELETE t FROM wptests_cpms_handwriting_page_versions t
                          JOIN wptests_cpms_clinics c ON c.id = t.clinic_id
                          WHERE c.organization_id = 5</code></p></div><div id="error"><p class="wpdberror"><strong>WordPress database error:</strong> [Unknown column &#039;t.clinic_id&#039; in &#039;on clause&#039;]<br /><code>DELETE t FROM wptests_cpms_handwriting_pages t
                          JOIN wptests_cpms_clinics c ON c.id = t.clinic_id
                          WHERE c.organization_id = 5</code></p></div><div id="error"><p class="wpdberror"><strong>WordPress database error:</strong> [Unknown column &#039;t.clinic_id&#039; in &#039;on clause&#039;]<br /><code>DELETE t FROM wptests_cpms_invoice_items t
                          JOIN wptests_cpms_clinics c ON c.id = t.clinic_id
                          WHERE c.organization_id = 5</code></p></div><div id="error"><p class="wpdberror"><strong>WordPress database error:</strong> [Table &#039;wordpress_test.wptests_cpms_invoice_adjustments&#039; doesn&#039;t exist]<br /><code>DELETE t FROM wptests_cpms_invoice_adjustments t
                          JOIN wptests_cpms_clinics c ON c.id = t.clinic_id
                          WHERE c.organization_id = 5</code></p></div><div id="error"><p class="wpdberror"><strong>WordPress database error:</strong> [Cannot delete or update a parent row: a foreign key constraint fails (`wordpress_test`.`wptests_cpms_clinical_notes`, CONSTRAINT `fk_note_visit` FOREIGN KEY (`visit_id`) REFERENCES `wptests_cpms_visits` (`id`) ON DELETE RESTRICT)]<br /><code>DELETE t FROM wptests_cpms_visits t
                          JOIN wptests_cpms_clinics c ON c.id = t.clinic_id
                          WHERE c.organization_id = 5</code></p></div><div id="error"><p class="wpdberror"><strong>WordPress database error:</strong> [Table &#039;wordpress_test.wptests_cpms_clinician_schedule_exceptions&#039; doesn&#039;t exist]<br /><code>DELETE t FROM wptests_cpms_clinician_schedule_exceptions t
                          JOIN wptests_cpms_clinics c ON c.id = t.clinic_id
                          WHERE c.organization_id = 5</code></p></div><div id="error"><p class="wpdberror"><strong>WordPress database error:</strong> [Table &#039;wordpress_test.wptests_cpms_clinician_schedules&#039; doesn&#039;t exist]<br /><code>DELETE t FROM wptests_cpms_clinician_schedules t
                          JOIN wptests_cpms_clinics c ON c.id = t.clinic_id
                          WHERE c.organization_id = 5</code></p></div><div id="error"><p class="wpdberror"><strong>WordPress database error:</strong> [Cannot delete or update a parent row: a foreign key constraint fails (`wordpress_test`.`wptests_cpms_clinical_notes`, CONSTRAINT `fk_note_clinician` FOREIGN KEY (`clinician_id`) REFERENCES `wptests_cpms_clinicians` (`id`))]<br /><code>DELETE t FROM wptests_cpms_clinicians t
                          JOIN wptests_cpms_clinics c ON c.id = t.clinic_id
                          WHERE c.organization_id = 5</code></p></div><div id="error"><p class="wpdberror"><strong>WordPress database error:</strong> [Cannot delete or update a parent row: a foreign key constraint fails (`wordpress_test`.`wptests_cpms_clinical_notes`, CONSTRAINT `fk_note_patient` FOREIGN KEY (`patient_id`) REFERENCES `wptests_cpms_patients` (`id`) ON DELETE RESTRICT)]<br /><code>DELETE t FROM wptests_cpms_patients t
                          JOIN wptests_cpms_clinics c ON c.id = t.clinic_id
                          WHERE c.organization_id = 5</code></p></div><div id="error"><p class="wpdberror"><strong>WordPress database error:</strong> [Table &#039;wordpress_test.wptests_cpms_membership_caps&#039; doesn&#039;t exist]<br /><code>DELETE t FROM wptests_cpms_membership_caps t
                          JOIN wptests_cpms_clinics c ON c.id = t.clinic_id
                          WHERE c.organization_id = 5</code></p></div><div id="error"><p class="wpdberror"><strong>WordPress database error:</strong> [Cannot delete or update a parent row: a foreign key constraint fails (`wordpress_test`.`wptests_cpms_visits`, CONSTRAINT `fk_visit_location` FOREIGN KEY (`location_id`) REFERENCES `wptests_cpms_locations` (`id`))]<br /><code>DELETE t FROM wptests_cpms_locations t
                          JOIN wptests_cpms_clinics c ON c.id = t.clinic_id
                          WHERE c.organization_id = 5</code></p></div><div id="error"><p class="wpdberror"><strong>WordPress database error:</strong> [Cannot delete or update a parent row: a foreign key constraint fails (`wordpress_test`.`wptests_cpms_audit_logs`, CONSTRAINT `fk_audit_logs_clinic` FOREIGN KEY (`clinic_id`) REFERENCES `wptests_cpms_clinics` (`id`))]<br /><code>DELETE FROM wptests_cpms_clinics WHERE organization_id = 5</code></p></div><div id="error"><p class="wpdberror"><strong>WordPress database error:</strong> [Cannot delete or update a parent row: a foreign key constraint fails (`wordpress_test`.`wptests_cpms_clinics`, CONSTRAINT `fk_clinics_organization` FOREIGN KEY (`organization_id`) REFERENCES `wptests_cpms_organizations` (`id`))]<br /><code>DELETE FROM wptests_cpms_organizations WHERE id = 5</code></p></div>

Time: 00:00.279, Memory: 42.50 MB

There were 4 failures:

1) ClinicCore\Tests\Integration\Phase3Slice6AuthorizationRedTest::testSaveClinicianManagerInClinicACannotMutateClinicianInClinicB
RED-1 evidence: a Clinic-A-only manager MUST NOT update a Clinic-B clinician by POSTing clinician_id :: victim row after handler (durable mutation observed): {"clinic_id":"3","full_name":"CROSS CLINIC HACK","specialty":"pwned","room":"X"}
Failed asserting that two strings are identical.
--- Expected
+++ Actual
@@ @@
-'Dr B Victim P3S6'
+'CROSS CLINIC HACK'

/home/runner/work/doctor/doctor/clinic-practice-management/tests/Integration/Phase3Slice6AuthorizationRedTest.php:182

2) ClinicCore\Tests\Integration\Phase3Slice6AuthorizationRedTest::testGetPageWithScopeOnClinicAReturns404ForClinicBDocument
RED-2 evidence: cross-Clinic getPage must fail closed before returning B strokes :: forbidden cross-Clinic payload metrics: {"page_id":1,"document_id":1,"owner_clinic_id":5,"trusted_scope_clinic_id":4,"version":2,"client_revision":1,"stroke_count":1,"strokes_json_bytes":96,"strokes_json_sha256":"e01f56fa9eea95eeb7df5c6d38d61cd294571f622b5dc5d62bb38a0c2f866884"}
Failed asserting that null is not null.

/home/runner/work/doctor/doctor/clinic-practice-management/tests/Integration/Phase3Slice6AuthorizationRedTest.php:276

3) ClinicCore\Tests\Integration\Phase3Slice6AuthorizationRedTest::testRecordPaymentIsDeniedWhenScopedPaymentCreateIsExplicitlyDenied
RED-3 evidence: recordPayment must be denied when PAYMENT_CREATE is explicitly denied in the membership (global user_can=true via cpms_secretary preset, AuthorizationService::can=false were preconditions) :: durable financial side-effects observed: {"invoice_id":1,"payment_rows_before":0,"payment_rows_after":1,"invoice_paid_amount_before":0,"invoice_paid_amount_after":50000,"finance_exception":null}
Failed asserting that null is not null.

/home/runner/work/doctor/doctor/clinic-practice-management/tests/Integration/Phase3Slice6AuthorizationRedTest.php:389

4) ClinicCore\Tests\Integration\Phase3Slice6AuthorizationRedTest::testSuspendedMemberIsDeniedHandwritingSaveAndPaymentCreate
suspended member must be denied fail-closed before any mutation :: breaches observed:
RED-4a evidence: suspended doctor must be denied handwriting savePage before any version append :: durable mutation observed: {"page_id":2,"page_versions_before":0,"page_versions_after":1,"handwriting_exception":null}
RED-4b evidence: suspended secretary must be denied finance issue/payment before any mutation :: durable financial side-effects observed: {"visit_id":3,"invoice_rows_before":0,"invoice_rows_after":1,"payment_rows_before":0,"payment_rows_after":1,"finance_exception":null}
Failed asserting that two arrays are identical.
--- Expected
+++ Actual
@@ @@
-Array &0 ()
+Array &0 (
+    0 => 'RED-4a evidence: suspended doctor must be denied handwriting savePage before any version append :: durable mutation observed: {"page_id":2,"page_versions_before":0,"page_versions_after":1,"handwriting_exception":null}'
+    1 => 'RED-4b evidence: suspended secretary must be denied finance issue/payment before any mutation :: durable financial side-effects observed: {"visit_id":3,"invoice_rows_before":0,"invoice_rows_after":1,"payment_rows_before":0,"payment_rows_after":1,"finance_exception":null}'
+)

/home/runner/work/doctor/doctor/clinic-practice-management/tests/Integration/Phase3Slice6AuthorizationRedTest.php:561

FAILURES!
Tests: 4, Assertions: 67, Failures: 4.
